2020-05-26 16:50:22,172:INFO:Add:30+20=50
2020-05-26 16:50:22,176:INFO:subtract:30-20=10
